LTspice 24.0.12 for Windows
Circuit: * A:\Electronic LAB\Analog1,2.asc
Start Time: Sun Jul 27 17:20:37 2025
solver = Normal
Maximum thread count: 12
tnom = 27
temp = 27
method = modified trap
Instance "m:u3:5": Length shorter than recommended for a level 2 MOSFET.
Instance "m:u3:6": Length shorter than recommended for a level 2 MOSFET.
Instance "m:u2:5": Length shorter than recommended for a level 2 MOSFET.
Instance "m:u2:6": Length shorter than recommended for a level 2 MOSFET.
Direct Newton iteration for .op point succeeded.
Heightened Def Con from 1.95549e-06 to 1.95554e-06
Heightened Def Con from 8.72711e-05 ++to 8.72761e-05
Heightened Def Con from 8.73541e-05 ++to 8.73571e-05
Heightened Def Con from 0.000106648 ++to 0.000106652
Heightened Def Con from 0.000106652 to 0.000106655
Heightened Def Con from 0.000106746 to 0.000106749
Heightened Def Con from 0.000144734 +to 0.000144734
Heightened Def Con from 0.000182055 to 0.000182055
Heightened Def Con from 0.00027073 to 0.00027073
Heightened Def Con from 0.00027073 ++++++to 0.000270734
Heightened Def Con from 0.000270736 +++++to 0.000270736
Heightened Def Con from 0.000270736 +to 0.000270737
Heightened Def Con from 0.000270737 ++to 0.000270737
Heightened Def Con from 0.000270737 +++++to 0.000270745
Heightened Def Con from 0.000270815 to 0.000270817
Heightened Def Con from 0.000270817 ++++++++++to 0.000270822
Heightened Def Con from 0.000327442 ++to 0.000327449
Heightened Def Con from 0.000345444 +to 0.000345444
Heightened Def Con from 0.000345444 +to 0.000345444
Heightened Def Con from 0.00036436 to 0.00036436
Heightened Def Con from 0.00036436 to 0.00036436
Heightened Def Con from 0.000450494 to 0.000450494
Heightened Def Con from 0.00045734 to 0.000457341
Heightened Def Con from 0.000457341 +++++++++++to 0.000457347
Heightened Def Con from 0.000457424 to 0.000457425
Heightened Def Con from 0.000457427 +to 0.000457429
Heightened Def Con from 0.000457429 ++to 0.000457433
Heightened Def Con from 0.000542242 to 0.000542246
Heightened Def Con from 0.00054615 +++to 0.00054615
Heightened Def Con from 0.00054615 ++++++to 0.00054615
Heightened Def Con from 0.000746854 to 0.000746857
Heightened Def Con from 0.000746863 to 0.000746863
Heightened Def Con from 0.000947571 ++++++++++to 0.000947571
Heightened Def Con from 0.000947571 to 0.000947571
Heightened Def Con from 0.00114828 +to 0.00114828
Heightened Def Con from 0.00114828 to 0.00114828
Heightened Def Con from 0.00154969 to 0.00154969
Heightened Def Con from 0.00175042 to 0.00175042
Heightened Def Con from 0.00215182 to 0.00215182
Heightened Def Con from 0.00235252 to 0.00235252
Heightened Def Con from 0.00235252 to 0.00235252
Heightened Def Con from 0.00255323 to 0.00255323
Heightened Def Con from 0.00255323 ++++++to 0.00255323
Heightened Def Con from 0.00275393 to 0.00275393
Heightened Def Con from 0.00275393 +to 0.00275393
Heightened Def Con from 0.00275393 +to 0.00275393
Heightened Def Con from 0.00275393 to 0.00275393
Heightened Def Con from 0.00275393 to 0.00275393
Heightened Def Con from 0.00295464 to 0.00295464
Heightened Def Con from 0.00315539 +to 0.0031554
Heightened Def Con from 0.0033561 to 0.0033561
Heightened Def Con from 0.00355679 to 0.00355679
Heightened Def Con from 0.00375746 to 0.00375746
Heightened Def Con from 0.00375746 +++to 0.00375746
Heightened Def Con from 0.00375746 to 0.00375746
Heightened Def Con from 0.00375746 +to 0.00375746
Heightened Def Con from 0.00375746 to 0.00375746
Heightened Def Con from 0.00375746 +++to 0.00375746
Heightened Def Con from 0.00375746 ++to 0.00375746
Heightened Def Con from 0.00395814 ++++++to 0.00395814
Heightened Def Con from 0.00395814 +to 0.00395814
Heightened Def Con from 0.00395814 +++to 0.00395814
Heightened Def Con from 0.00395814 ++to 0.00395814
Heightened Def Con from 0.00395814 ++to 0.00395814
Heightened Def Con from 0.00395814 ++to 0.00395814
Heightened Def Con from 0.00415884 to 0.00415884
Heightened Def Con from 0.00426722 to 0.00426722
Heightened Def Con from 0.00426722 to 0.00426723
Heightened Def Con from 0.00435952 +to 0.00435952
Heightened Def Con from 0.00435952 +to 0.00435952
Heightened Def Con from 0.00456023 to 0.00456023
Heightened Def Con from 0.00476094 to 0.00476094
Heightened Def Con from 0.00496163 to 0.00496163
Heightened Def Con from 0.00516237 +to 0.00516237
Heightened Def Con from 0.00536305 to 0.00536305
Heightened Def Con from 0.00556375 ++to 0.00556375
Heightened Def Con from 0.00556375 +to 0.00556375
Heightened Def Con from 0.00556375 ++to 0.00556375
Heightened Def Con from 0.00556375 to 0.00556375
Heightened Def Con from 0.00576446 to 0.00576446
Heightened Def Con from 0.00596517 ++to 0.00596517
Heightened Def Con from 0.00596517 to 0.00596517
Heightened Def Con from 0.00616587 to 0.00616587
Heightened Def Con from 0.00616587 to 0.00616587
Heightened Def Con from 0.00616587 to 0.00616587
Heightened Def Con from 0.00636657 to 0.00636657
Heightened Def Con from 0.00656728 +to 0.00656728
Heightened Def Con from 0.00676799 to 0.00676799
Heightened Def Con from 0.00676799 ++to 0.00676799
Heightened Def Con from 0.00676799 to 0.00676799
Heightened Def Con from 0.00676799 to 0.00676799
Heightened Def Con from 0.00676799 ++to 0.00676799
Heightened Def Con from 0.00676799 ++to 0.00676799
Heightened Def Con from 0.00676799 +++++++to 0.00676799
Heightened Def Con from 0.00676799 ++++to 0.00676799
Heightened Def Con from 0.00676799 to 0.00676799
Heightened Def Con from 0.00676799 to 0.00676799
Heightened Def Con from 0.00696869 to 0.00696869
Heightened Def Con from 0.00696869 +++to 0.00696869
Heightened Def Con from 0.00696869 +++++++++to 0.00696869
Heightened Def Con from 0.0071694 +++++to 0.0071694
Heightened Def Con from 0.0071694 +to 0.0071694
Heightened Def Con from 0.0071694 ++++to 0.0071694
Heightened Def Con from 0.0071694 +++++++to 0.0071694
Heightened Def Con from 0.0071694 +to 0.0071694
Heightened Def Con from 0.0071694 to 0.0071694
Heightened Def Con from 0.00737011 to 0.00737011
Heightened Def Con from 0.00777151 to 0.00777151
Heightened Def Con from 0.00837361 to 0.00837361
Heightened Def Con from 0.00857433 to 0.00857433
Heightened Def Con from 0.00877504 to 0.00877504
Heightened Def Con from 0.00877504 ++to 0.00877504
Heightened Def Con from 0.00877504 ++to 0.00877504
Heightened Def Con from 0.00897575 to 0.00897575
Heightened Def Con from 0.00897575 to 0.00897575
Heightened Def Con from 0.00917646 to 0.00917646
Heightened Def Con from 0.00937717 to 0.00937717
Heightened Def Con from 0.00957786 to 0.00957786
Heightened Def Con from 0.00977854 +to 0.00977854
Heightened Def Con from 0.00997922 to 0.00997922
Heightened Def Con from 0.00997922 to 0.00997922
Heightened Def Con from 0.00997922 to 0.00997922
Heightened Def Con from 0.00997922 to 0.00997922
Heightened Def Con from 0.0101799 +to 0.0101799
Heightened Def Con from 0.0101799 ++to 0.0101799
Heightened Def Con from 0.0101799 ++++to 0.0101799
Heightened Def Con from 0.0101799 ++++to 0.0101799
Heightened Def Con from 0.0101799 +to 0.0101799
Heightened Def Con from 0.0101799 to 0.0101799
Heightened Def Con from 0.0101799 to 0.0101799
Heightened Def Con from 0.0101799 +++++to 0.0101799
Heightened Def Con from 0.0103806 +++++to 0.0103806
Heightened Def Con from 0.0103806 ++to 0.0103806
Heightened Def Con from 0.0103806 to 0.0103806
Heightened Def Con from 0.010489 to 0.010489
Heightened Def Con from 0.0105813 to 0.0105813
Heightened Def Con from 0.0106897 to 0.0106897
Heightened Def Con from 0.010782 +to 0.010782
Heightened Def Con from 0.0113842 to 0.0113842
Heightened Def Con from 0.0119863 +to 0.0119863
Heightened Def Con from 0.0119863 ++to 0.0119863
Heightened Def Con from 0.0119863 to 0.0119863
Heightened Def Con from 0.0119863 to 0.0119863
Heightened Def Con from 0.0119863 to 0.0119863
Heightened Def Con from 0.0119863 +to 0.0119863
Heightened Def Con from 0.012187 ++to 0.012187
Heightened Def Con from 0.012187 +to 0.012187
Heightened Def Con from 0.012187 +++to 0.012187
Heightened Def Con from 0.012187 +++to 0.012187
Heightened Def Con from 0.012187 +to 0.012187
Heightened Def Con from 0.012187 to 0.012187
Heightened Def Con from 0.012187 +++++++++++to 0.012187
Heightened Def Con from 0.012187 to 0.012187
Heightened Def Con from 0.012187 to 0.012187
Heightened Def Con from 0.012187 +to 0.012187
Heightened Def Con from 0.0123877 to 0.0123877
Heightened Def Con from 0.0125884 to 0.0125884
Heightened Def Con from 0.0127891 to 0.0127891
Heightened Def Con from 0.0129898 to 0.0129898
Heightened Def Con from 0.0131905 to 0.0131905
Heightened Def Con from 0.0133912 to 0.0133912
Heightened Def Con from 0.0133912 ++to 0.0133912
Heightened Def Con from 0.0133912 +to 0.0133912
Heightened Def Con from 0.0133912 to 0.0133912
Heightened Def Con from 0.0135919 to 0.0135919
Heightened Def Con from 0.0137926 to 0.0137926
Heightened Def Con from 0.0137926 +to 0.0137926
Heightened Def Con from 0.013901 to 0.013901
Heightened Def Con from 0.0139933 to 0.0139933
Heightened Def Con from 0.0143947 to 0.0143947
Heightened Def Con from 0.0145954 to 0.0145954
Heightened Def Con from 0.0147961 ++to 0.0147961
Heightened Def Con from 0.0147961 to 0.0147961
Heightened Def Con from 0.0147961 to 0.0147961
Heightened Def Con from 0.0149045 to 0.0149045
Heightened Def Con from 0.0149968 to 0.0149968
Heightened Def Con from 0.0151976 to 0.0151976
Heightened Def Con from 0.0151976 to 0.0151976
Heightened Def Con from 0.0153983 +to 0.0153983
Heightened Def Con from 0.0153983 to 0.0153983
Heightened Def Con from 0.015599 to 0.015599
Heightened Def Con from 0.015599 to 0.015599
Heightened Def Con from 0.0157997 to 0.0157997
Heightened Def Con from 0.0157997 to 0.0157997
Heightened Def Con from 0.0157997 to 0.0157997
Heightened Def Con from 0.0157997 to 0.0157997
Heightened Def Con from 0.0160004 to 0.0160004
Heightened Def Con from 0.0160004 to 0.0160004
Heightened Def Con from 0.0162011 to 0.0162011
Heightened Def Con from 0.0164018 to 0.0164018
Heightened Def Con from 0.0166025 +to 0.0166025
Heightened Def Con from 0.0166025 +to 0.0166025
Heightened Def Con from 0.0166025 ++++to 0.0166025
Heightened Def Con from 0.0166025 ++to 0.0166025
Heightened Def Con from 0.0166025 +to 0.0166025
Heightened Def Con from 0.0166025 to 0.0166025
Heightened Def Con from 0.0166025 +++to 0.0166025
Heightened Def Con from 0.0166025 +to 0.0166025
Heightened Def Con from 0.0166025 to 0.0166025
Heightened Def Con from 0.0166025 +to 0.0166025
Heightened Def Con from 0.0166025 +to 0.0166025
Heightened Def Con from 0.0166025 to 0.0166025
Heightened Def Con from 0.0166025 ++++to 0.0166025
Heightened Def Con from 0.0166025 to 0.0166025
Heightened Def Con from 0.0166025 to 0.0166025
Heightened Def Con from 0.0166025 to 0.0166025
Heightened Def Con from 0.0166025 +to 0.0166025
Heightened Def Con from 0.0166025 +to 0.0166025
Heightened Def Con from 0.0166025 ++to 0.0166025
Heightened Def Con from 0.0166025 to 0.0166025
Heightened Def Con from 0.0166025 +to 0.0166025
Heightened Def Con from 0.0166025 to 0.0166025
Heightened Def Con from 0.0168032 to 0.0168032
Heightened Def Con from 0.0170039 +to 0.0170039
Heightened Def Con from 0.0172046 to 0.0172046
Heightened Def Con from 0.0174053 to 0.0174053
Heightened Def Con from 0.0178068 to 0.0178068
Heightened Def Con from 0.0180075 to 0.0180075
Heightened Def Con from 0.0181159 to 0.0181159
Heightened Def Con from 0.0184089 to 0.0184089
Heightened Def Con from 0.0186096 +to 0.0186096
Heightened Def Con from 0.0188103 to 0.0188103
Heightened Def Con from 0.0188103 +to 0.0188103
Heightened Def Con from 0.0188103 to 0.0188103
Heightened Def Con from 0.0188103 to 0.0188103
Heightened Def Con from 0.019011 to 0.019011
Heightened Def Con from 0.019011 to 0.019011
Heightened Def Con from 0.0192118 to 0.0192118
Heightened Def Con from 0.0192118 to 0.0192118
Heightened Def Con from 0.0192118 to 0.0192118
Heightened Def Con from 0.0194125 to 0.0194125
Heightened Def Con from 0.0196133 to 0.0196133
Heightened Def Con from 0.019814 to 0.019814
Heightened Def Con from 0.0200147 to 0.0200147
Heightened Def Con from 0.0202154 to 0.0202154
Heightened Def Con from 0.0204161 to 0.0204161
Heightened Def Con from 0.0206168 +to 0.0206168
Heightened Def Con from 0.0208175 to 0.0208175
Heightened Def Con from 0.0210182 to 0.0210182
Heightened Def Con from 0.0212189 to 0.0212189
Heightened Def Con from 0.0216203 to 0.0216203
Heightened Def Con from 0.021821 to 0.021821
Heightened Def Con from 0.021821 to 0.021821
Heightened Def Con from 0.0220217 +to 0.0220217
Heightened Def Con from 0.0222224 to 0.0222224
Heightened Def Con from 0.0224231 to 0.0224231
Heightened Def Con from 0.0226239 to 0.0226239
Heightened Def Con from 0.0228246 ++to 0.0228246
Heightened Def Con from 0.0228246 +to 0.0228246
Heightened Def Con from 0.0228246 +to 0.0228246
Heightened Def Con from 0.0228246 +++++to 0.0228246
Heightened Def Con from 0.0228246 to 0.0228246
Heightened Def Con from 0.0228246 to 0.0228246
Heightened Def Con from 0.0228246 ++to 0.0228246
Heightened Def Con from 0.0228246 to 0.0228246
Heightened Def Con from 0.0228246 ++++to 0.0228246
Heightened Def Con from 0.0228246 +++to 0.0228246
Heightened Def Con from 0.0228246 +++to 0.0228246
Heightened Def Con from 0.0228246 +to 0.0228246
Heightened Def Con from 0.0228246 +to 0.0228246
Heightened Def Con from 0.0228246 to 0.0228246
Heightened Def Con from 0.0228246 ++to 0.0228246
Heightened Def Con from 0.0228246 ++to 0.0228246
Heightened Def Con from 0.0228246 to 0.0228246
Heightened Def Con from 0.0228246 +to 0.0228246
Heightened Def Con from 0.0228246 to 0.0228246
Heightened Def Con from 0.0228246 +to 0.0228246
Heightened Def Con from 0.0228246 +to 0.0228246
Heightened Def Con from 0.0228246 to 0.0228246
Heightened Def Con from 0.0228246 to 0.0228246
Heightened Def Con from 0.0230253 to 0.0230253
Heightened Def Con from 0.0230253 +to 0.0230253
Heightened Def Con from 0.0230253 to 0.0230253
Heightened Def Con from 0.0230253 ++to 0.0230253
Heightened Def Con from 0.0230253 +to 0.0230253
Heightened Def Con from 0.0230253 +++++to 0.0230253
Heightened Def Con from 0.0230269 to 0.0230269
Heightened Def Con from 0.023226 to 0.023226
Heightened Def Con from 0.023226 to 0.023226
Heightened Def Con from 0.0234267 to 0.0234267
Heightened Def Con from 0.0236274 to 0.0236274
Heightened Def Con from 0.0238281 to 0.0238281
Heightened Def Con from 0.0240288 to 0.0240288
Heightened Def Con from 0.0240288 to 0.0240288
Heightened Def Con from 0.0242295 to 0.0242295
Heightened Def Con from 0.0244302 to 0.0244302
Heightened Def Con from 0.0248316 to 0.0248316
Heightened Def Con from 0.0248316 to 0.0248316
Heightened Def Con from 0.0250323 +to 0.0250323
Heightened Def Con from 0.0250323 to 0.0250323
Heightened Def Con from 0.025233 to 0.025233
Heightened Def Con from 0.025233 to 0.025233
Heightened Def Con from 0.0254337 to 0.0254337
Heightened Def Con from 0.0254337 to 0.0254337
Heightened Def Con from 0.0256344 to 0.0256344
Heightened Def Con from 0.0258351 to 0.0258351
Heightened Def Con from 0.0258351 to 0.0258351
Heightened Def Con from 0.0258351 +to 0.0258351
Heightened Def Con from 0.0258351 to 0.0258351
Heightened Def Con from 0.0258351 +to 0.0258351
Heightened Def Con from 0.0258351 +to 0.0258351
Heightened Def Con from 0.0258351 to 0.0258351
Heightened Def Con from 0.0258351 to 0.0258351
Heightened Def Con from 0.0258351 to 0.0258351
Heightened Def Con from 0.0258351 to 0.0258351
Heightened Def Con from 0.0260358 +to 0.0260358
Heightened Def Con from 0.0260358 to 0.0260358
Heightened Def Con from 0.0260358 +to 0.0260358
Heightened Def Con from 0.0260478 to 0.0260478
Heightened Def Con from 0.0262365 to 0.0262365
Heightened Def Con from 0.0262365 +to 0.0262365
Heightened Def Con from 0.0262365 +to 0.0262365
Heightened Def Con from 0.0262365 to 0.0262365
Heightened Def Con from 0.0262365 +to 0.0262365
Heightened Def Con from 0.0262365 +++to 0.0262365
Heightened Def Con from 0.0262365 +to 0.0262365
Heightened Def Con from 0.0262365 +to 0.0262365
Heightened Def Con from 0.0262365 +to 0.0262365
Heightened Def Con from 0.0262365 ++++to 0.0262365
Heightened Def Con from 0.0262365 +to 0.0262365
Heightened Def Con from 0.0262365 +to 0.0262365
Heightened Def Con from 0.0262365 to 0.0262365
Heightened Def Con from 0.0262365 to 0.0262365
Heightened Def Con from 0.0264372 ++++++to 0.0264372
Heightened Def Con from 0.0264372 to 0.0264372
Heightened Def Con from 0.0264372 to 0.0264372
Heightened Def Con from 0.0266379 to 0.0266379
Heightened Def Con from 0.02724 to 0.02724
Heightened Def Con from 0.0274407 to 0.0274407
Heightened Def Con from 0.0276414 to 0.0276414
Heightened Def Con from 0.0276414 to 0.0276414
Heightened Def Con from 0.0280428 to 0.0280428
Heightened Def Con from 0.0280428 to 0.0280428
Heightened Def Con from 0.0282435 +to 0.0282435
Heightened Def Con from 0.0282435 to 0.0282435
Heightened Def Con from 0.0284442 +to 0.0284442
Heightened Def Con from 0.0284442 +to 0.0284442
Heightened Def Con from 0.0284442 +to 0.0284442
Heightened Def Con from 0.0284442 to 0.0284442
Heightened Def Con from 0.0286449 to 0.0286449
Heightened Def Con from 0.0286449 to 0.0286449
Heightened Def Con from 0.0286449 to 0.0286449
Heightened Def Con from 0.0286449 to 0.0286449
Heightened Def Con from 0.0286449 to 0.0286449
Heightened Def Con from 0.0286449 ++to 0.0286449
Heightened Def Con from 0.0286449 to 0.0286449
Heightened Def Con from 0.0286449 to 0.0286449
Heightened Def Con from 0.0286449 to 0.0286449
Heightened Def Con from 0.0288456 to 0.0288456
Heightened Def Con from 0.0290463 to 0.0290463
Heightened Def Con from 0.0290463 to 0.0290463
Heightened Def Con from 0.029247 to 0.029247
Heightened Def Con from 0.0294477 +to 0.0294477
Heightened Def Con from 0.0294477 ++++to 0.0294477
Heightened Def Con from 0.0294477 +to 0.0294477
Heightened Def Con from 0.0296484 to 0.0296484
Heightened Def Con from 0.0298491 to 0.0298491
Total elapsed time: 6.695 seconds.

